{"test_server2":{"name":"test_server2","ip_addr":"127.0.0.2","working_dir":"working_dir"}}